[jordanbelfort.com/index.html]
[backblue.gif]
[fade.gif]
[index.html]
[js.hs-scripts.com/index.html]
[fonts.googleapis.com/index.html]
[s30745.pcdn.co/wp-includes/css/dist/block-library/style.min7661.css]
[jordanbelfort.com/feed/index.html]
[s30745.pcdn.co/wp-content/plugins/contact-form-7-style/css/frontend3a79.css]
[s30745.pcdn.co/wp-content/plugins/contact-form-7-style/css/responsive3a79.css]
[s30745.pcdn.co/wp-content/plugins/contact-form-7/includes/css/styles5fba.css]
[s30745.pcdn.co/wp-content/plugins/podcast-subscribe-buttons/assets/css/secondline-psb-styles7661.css]
[s30745.pcdn.co/wp-content/plugins/seriously-simple-podcasting/assets/css/playera3ee.css]
[s30745.pcdn.co/wp-content/themes/Divi/styled22c.css]
[s30745.pcdn.co/wp-includes/css/dashicons.min7661.css]
[s30745.pcdn.co/wp-content/plugins/cf7-conditional-fields/styleed19.css]
[s30745.pcdn.co/wp-includes/js/jquery/jquery4a5f.js]
[s30745.pcdn.co/wp-includes/js/jquery/jquery-migrate.min330a.js]
[s30745.pcdn.co/wp-content/themes/Divi/core/admin/js/es6-promise.auto.min7661.js]
[s30745.pcdn.co/wp-content/themes/Divi/core/admin/js/recaptcha7661.js]
[jordanbelfort.com/comments/feed/index.html]
[jordanbelfort.com/index320e.html]
[s30745.pcdn.co/wp-includes/wlwmanifest.xml]
[jordanbelfort.com/wp-json/index.html]
[jordanbelfort.com/wp-json/oembed/1.0/embed9d7d.json]
[jordanbelfort.com/wp-json/oembed/1.0/embedb64d]
[rss.art19.com/the-wolfs-den]
[static.zdassets.com/ekr/snippet5f36.js]
[munchkin.marketo.net/munchkin.js]
[s30745.pcdn.co/wp-content/uploads/2018/12/JBFvcn-150x150.png]
[s30745.pcdn.co/wp-content/uploads/2018/12/JBFvcn.png]
[s30745.pcdn.co/wp-content/et-cache/1839/et-core-unified-tb-1857-1839-15941567063451.min.css]
[s30745.pcdn.co/wp-content/et-cache/1839/et-core-unified-1839-15941567063451.min.css]
[s30745.pcdn.co/wp-content/uploads/2020/04/JB-logo-image.png]
[s30745.pcdn.co/wp-content/uploads/2020/04/Podcast.png]
[s30745.pcdn.co/wp-content/uploads/2020/04/Wolf-den-podcast.jpg]
[s30745.pcdn.co/wp-content/uploads/2020/04/Overlay-image-1.jpg]
[jordanbelfort.com/about/index.html]
[jordanbelfort.com/book-jordan/index.html]
[jordanbelfort.com/testimonials/index.html]
[s30745.pcdn.co/wp-content/uploads/2020/04/Icon-1.jpg]
[s30745.pcdn.co/wp-content/uploads/2020/04/Icon-2.jpg]
[s30745.pcdn.co/wp-content/uploads/2020/04/Icon-3.jpg]
[s30745.pcdn.co/wp-content/uploads/2020/04/Icon-4.jpg]
[s30745.pcdn.co/wp-content/uploads/2020/04/Jordan-belfort-Talking-in-front.jpg]
[s30745.pcdn.co/wp-content/uploads/2020/04/Image-1.jpg]
[s30745.pcdn.co/wp-content/uploads/2020/04/Image-2.jpg]
[s30745.pcdn.co/wp-content/uploads/2020/04/Image-3.jpg]
[s30745.pcdn.co/wp-content/uploads/2020/04/JB-Black-and-white-public-Speaking.jpg]
[s30745.pcdn.co/wp-includes/js/mediaelement/mediaelementplayer-legacy.minc270.css]
[s30745.pcdn.co/wp-includes/js/mediaelement/wp-mediaelement.min7661.css]
[www.clickfunnels.com/assets/cfpop.js]
[s30745.pcdn.co/wp-content/plugins/contact-form-7-style/js/frontend-min3a79.js]
[s30745.pcdn.co/wp-content/plugins/contact-form-7/includes/js/scripts5fba.js]
[js.hs-scripts.com/8012363a466.js]
[s30745.pcdn.co/wp-content/plugins/podcast-subscribe-buttons/assets/js/modal.min8a54.js]
[s30745.pcdn.co/wp-content/plugins/wpcf7-redirect/js/wpcf7-redirect-script.js]
[s30745.pcdn.co/wp-content/themes/Divi/js/custom.unifiedd22c.js]
[s30745.pcdn.co/wp-content/themes/Divi/core/admin/js/commond22c.js]
[s30745.pcdn.co/wp-content/plugins/cf7-conditional-fields/js/scriptsed19.js]
[s30745.pcdn.co/wp-includes/js/wp-embed.min7661.js]
[s30745.pcdn.co/wp-includes/js/mediaelement/mediaelement-and-player.minc270.js]
[s30745.pcdn.co/wp-includes/js/mediaelement/mediaelement-migrate.min7661.js]
[s30745.pcdn.co/wp-includes/js/mediaelement/wp-mediaelement.min7661.js]
[jordanbelfort.com/index.html]
[jordanbelfort.com/xmlrpc.php]
[app.clickfunnels.com/index.html]
[js.hs-scripts.com/index.html]
[fonts.googleapis.com/index.html]
[s.w.org/index.html]
[fonts.googleapis.com/cssd78d.css]
[jordanbelfort.com/index320e.html]
[jordanbelfort.com/xmlrpc0db0.php]
[jordanbelfort.com/wp-json/oembed/1.0/embed11b1.json]
[jordanbelfort.com/wp-json/oembed/1.0/embed30e9]
[s30745.pcdn.co/wp-content/et-cache/1843/et-core-unified-tb-1857-1843-15941568738586.min.css]
[s30745.pcdn.co/wp-content/et-cache/1843/et-core-unified-1843-15941568738586.min.css]
[s30745.pcdn.co/wp-content/uploads/2020/04/about-Recovered-min.jpg]
[s30745.pcdn.co/wp-content/uploads/2020/04/jb1a-min.jpg]
[s30745.pcdn.co/wp-content/uploads/2020/04/jb-03-min-1.jpg]
[s30745.pcdn.co/wp-content/uploads/2020/04/400920-jordan-belfort-min.jpg]
[s30745.pcdn.co/wp-content/uploads/2020/04/jb1b-min.jpg]
[s30745.pcdn.co/wp-content/uploads/2020/04/jb3-min.jpg]
[s30745.pcdn.co/wp-content/uploads/2020/04/jb5-min.jpg]
[jordanbelfort.com/about/index.html]
[jordanbelfort.com/wp-json/oembed/1.0/embed6add.json]
[jordanbelfort.com/wp-json/oembed/1.0/embed31da]
[s30745.pcdn.co/wp-content/et-cache/1866/et-core-unified-tb-1857-1866-15941568747903.min.css]
[s30745.pcdn.co/wp-content/et-cache/1866/et-core-unified-1866-15941568747903.min.css]
[s30745.pcdn.co/wp-content/uploads/2020/04/Brad-Wozny-Testimonial-1024x559.jpg]
[jordanbelfort.com/testimonials/index.html]
[jordanbelfort.com/wp-json/oembed/1.0/embed9f88.json]
[jordanbelfort.com/wp-json/oembed/1.0/embed0d15]
[s30745.pcdn.co/wp-content/et-cache/1869/et-core-unified-tb-1857-1869-15941568761933.min.css]
[s30745.pcdn.co/wp-content/et-cache/1869/et-core-unified-1869-15941568761933.min.css]
[s30745.pcdn.co/wp-content/uploads/2020/04/Success.jpg]
[s30745.pcdn.co/wp-content/uploads/2018/12/consulting-cta-logos3.png]
[s30745.pcdn.co/wp-content/uploads/2020/04/t1-150x150-1.jpg]
[s30745.pcdn.co/wp-content/uploads/2020/04/t2-150x150-1.jpg]
[s30745.pcdn.co/wp-content/uploads/2018/12/t41.jpg]
[jordanbelfort.com/book-jordan/index.html]
[jordanbelfort.com/indexc726.html]
[jordanbelfort.com/index37d5.html]
[jordanbelfort.com/indexa107.html]
[s30745.pcdn.co/wp-includes/js/jquery/jquery4a5f.js]
[s30745.pcdn.co/wp-includes/js/jquery/jquery-migrate.min330a.js]
[s30745.pcdn.co/wp-content/themes/Divi/core/admin/js/es6-promise.auto.min7661.js]
[s30745.pcdn.co/wp-includes/css/dist/block-library/style.min7661.css]
[s30745.pcdn.co/wp-content/themes/Divi/core/admin/js/recaptcha7661.js]
[s30745.pcdn.co/wp-includes/wlwmanifest.xml]
[jordanbelfort.com/wp-json/index.html]
[s30745.pcdn.co/wp-content/plugins/contact-form-7-style/images/vday-classic/hearted-bg.png]
[static.zdassets.com/ekr/snippet5f36.js]
[jordanbelfort.com/wp-json/oembed/1.0/embed9d7d.json]
[s30745.pcdn.co/wp-content/plugins/contact-form-7-style/images/vday-classic/big-heart.png]
[s30745.pcdn.co/wp-content/plugins/contact-form-7/includes/js/scripts5fba.js]
[s30745.pcdn.co/wp-content/plugins/contact-form-7-style/images/vday-rose/rose-bg-50percent.png]
[s30745.pcdn.co/wp-content/themes/Divi/core/admin/js/commond22c.js]
[s30745.pcdn.co/wp-content/themes/Divi/js/custom.unifiedd22c.js]
[s30745.pcdn.co/wp-content/plugins/contact-form-7-style/images/vday-rose/contact-bg.png]
[s30745.pcdn.co/wp-content/plugins/cf7-conditional-fields/js/scriptsed19.js]
[s30745.pcdn.co/wp-includes/js/mediaelement/mediaelement-and-player.minc270.js]
[s30745.pcdn.co/wp-includes/js/mediaelement/mediaelement-migrate.min7661.js]
[jordanbelfort.com/wp-json/oembed/1.0/embedb64d]
[s30745.pcdn.co/wp-content/plugins/contact-form-7-style/images/vday-birds/bg-middle.png]
[jordanbelfort.com/wp-json/oembed/1.0/embed11b1.json]
[jordanbelfort.com/wp-json/oembed/1.0/embed30e9]
[s30745.pcdn.co/wp-content/plugins/contact-form-7-style/images/vday-birds/bg-top.png]
[jordanbelfort.com/wp-json/oembed/1.0/embed6add.json]
[jordanbelfort.com/wp-json/oembed/1.0/embed31da]
[s30745.pcdn.co/wp-content/plugins/contact-form-7-style/images/vday-birds/bg-bottom.png]
[jordanbelfort.com/wp-json/oembed/1.0/embed0d15]
[jordanbelfort.com/wp-json/oembed/1.0/embed9f88.json]
[s30745.pcdn.co/wp-content/plugins/contact-form-7-style/images/vday-blue-birds/submit.png]
[s30745.pcdn.co/wp-content/plugins/contact-form-7-style/images/vday-blue-birds/pattern.jpg]
[s30745.pcdn.co/wp-content/plugins/contact-form-7-style/images/vday-blue-birds/header.png]
[s30745.pcdn.co/wp-content/plugins/contact-form-7-style/images/vday-blue-birds/footer.png]
[s30745.pcdn.co/wp-content/plugins/contact-form-7-style/images/xmas-classic/bg-repeat.png]
[s30745.pcdn.co/wp-content/plugins/contact-form-7-style/images/xmas-classic/top_border.png]
[s30745.pcdn.co/wp-content/plugins/contact-form-7-style/images/xmas-classic/left_part_bg.png]
[s30745.pcdn.co/wp-content/plugins/contact-form-7-style/images/xmas-classic/bottombg.png]
[s30745.pcdn.co/wp-content/plugins/contact-form-7-style/images/xmas-red/middle.png]
[s30745.pcdn.co/wp-content/plugins/contact-form-7-style/images/xmas-red/header.png]
[s30745.pcdn.co/wp-content/plugins/contact-form-7-style/images/xmas-red/footer.png]
[s30745.pcdn.co/wp-content/plugins/contact-form-7-style/images/xmas-red/send.png]
[s30745.pcdn.co/wp-content/plugins/contact-form-7-style/images/xmas-red/radio.png]
[s30745.pcdn.co/wp-content/plugins/contact-form-7-style/images/xmas-simple/middle.png]
[s30745.pcdn.co/wp-content/plugins/contact-form-7-style/images/xmas-simple/header.png]
[s30745.pcdn.co/wp-content/plugins/contact-form-7-style/images/xmas-simple/footer.png]
[s30745.pcdn.co/wp-content/plugins/contact-form-7-style/images/xmas-simple/ribbon.png]
[s30745.pcdn.co/wp-content/plugins/contact-form-7-style/css/frontend3a79.css]
[s30745.pcdn.co/wp-content/plugins/contact-form-7-style/css/responsive3a79.css]
[s30745.pcdn.co/wp-content/plugins/contact-form-7/images/ajax-loader.gif]
[s30745.pcdn.co/wp-content/plugins/contact-form-7/includes/css/styles5fba.css]
[s30745.pcdn.co/wp-content/plugins/podcast-subscribe-buttons/assets/css/secondline-psb-styles7661.css]
[s30745.pcdn.co/wp-content/plugins/seriously-simple-podcasting/assets/css/playera3ee.css]
[s30745.pcdn.co/wp-content/themes/Divi/core/admin/fonts/modules.eot]
[s30745.pcdn.co/wp-content/themes/Divi/core/admin/fonts/modulesd41d.eot]
[s30745.pcdn.co/wp-content/themes/Divi/core/admin/fonts/modules.ttf]
[s30745.pcdn.co/wp-content/themes/Divi/core/admin/fonts/modules.woff]
[s30745.pcdn.co/wp-content/themes/Divi/core/admin/fonts/modules.svg]
[s30745.pcdn.co/wp-content/themes/Divi/includes/builder/styles/images/subscribe-loader.gif]
[s30745.pcdn.co/wp-content/themes/Divi/includes/builder/styles/images/preloader.gif]
[s30745.pcdn.co/wp-content/themes/Divi/epanel/shortcodes/images/shortcodes-sprite.png]
[s30745.pcdn.co/wp-content/themes/Divi/styled22c.css]
[s30745.pcdn.co/wp-includes/css/dashicons.min7661.css]
[s30745.pcdn.co/wp-content/plugins/cf7-conditional-fields/styleed19.css]
[jordanbelfort.com/xmlrpc0db0.php]
[munchkin.marketo.net/munchkin.js]
[jordanbelfort.com/wp-content/uploads/2020/04/Jordan-belfort-Talking-in-front.jpg]
[s30745.pcdn.co/wp-content/et-cache/1839/et-core-unified-tb-1857-1839-15941567063451.min.css]
[s30745.pcdn.co/wp-content/et-cache/1839/et-core-unified-1839-15941567063451.min.css]
[s30745.pcdn.co/wp-includes/js/mediaelement/mejs-controls.svg]
[s30745.pcdn.co/wp-includes/js/mediaelement/mediaelementplayer-legacy.minc270.css]
[s30745.pcdn.co/wp-includes/js/mediaelement/wp-mediaelement.min7661.css]
[www.clickfunnels.com/assets/cfpop.js]
[jordanbelfort.com/wp-content/uploads/2020/04/Jordan-min.jpg]
[s30745.pcdn.co/wp-content/et-cache/1843/et-core-unified-tb-1857-1843-15941568738586.min.css]
[s30745.pcdn.co/wp-content/et-cache/1843/et-core-unified-1843-15941568738586.min.css]
[s30745.pcdn.co/wp-content/et-cache/1866/et-core-unified-tb-1857-1866-15941568747903.min.css]
[s30745.pcdn.co/wp-content/et-cache/1866/et-core-unified-1866-15941568747903.min.css]
[jordanbelfort.com/indexa107.html]
[s30745.pcdn.co/wp-content/et-cache/1869/et-core-unified-tb-1857-1869-15941568761933.min.css]
[s30745.pcdn.co/wp-content/et-cache/1869/et-core-unified-1869-15941568761933.min.css]
[s30745.pcdn.co/wp-content/themes/Divi/core/admin/fonts/modules.svg]
[s30745.pcdn.co/wp-includes/js/mediaelement/mejs-controls.svg]
